// Jest Snapshot v1, https://goo.gl/fbAQLP

exports[`should render ExpenseListItem with expenses 1`] = `
<div>
  <h3>
    <Link
      replace={false}
      to="/edit/2"
    >
      Rent
    </Link>
  </h3>
  <p>
    Amount: $
    195000
      Created on: 
    -345600000
  </p>
</div>
`;
